=============== NOTE: '\' line wrapping per RFC 8792 ================

POST /inventory/cones HTTP/1.1
Host: svcc.example.com
Content-Digest: sha-256=:TzKXT0tUEfiTFkjRzwE8nCFnQljMuX5xwJaJgJCp+1g\
=:
Content-Length: 31
Content-Type: application/json
Signature: sig1=:EzNtEBAW99awIJtUjPxMqtHXYh0Y6MpOwzeMePSMCx6oqU2gh68\
0rk5+B1zFD8Xv7TRRffiM6nCOd58u4bvGDg==:
Signature-Input: sig1=("@method" "@path" "@query" "workload-identity\
-token" "content-type" "content-digest");created=1789405135;expires=\
1789405437;nonce="abcd3333";tag="wimse-workload-to-workload";wimse-a\
ud="https://svcc.example.com/inventory/cones";wimse-sign-response
Workload-Identity-Token: eyJhbGciOiJFZDI1NTE5Iiwia2lkIjoiaXNzdWVyLWt\
leSIsInR5cCI6IndpdCtqd3QifQ.eyJjbmYiOnsiandrIjp7ImFsZyI6IkVkMjU1MTki\
LCJjcnYiOiJFZDI1NTE5Iiwia2lkIjoic3ZjLWIta2V5Iiwia3R5IjoiT0tQIiwieCI6\
IldVWnphYnV3bHdTOXhsaG5kdkxSTVdRZGt5amRPcVZ5U2l3cXFkNmJyTE0ifX0sImV4\
cCI6MTc4OTQwNTQzNywiaWF0IjoxNzg5NDA1MTM3LCJpc3MiOiJodHRwczovL2V4YW1w\
bGUuY29tL2lzc3VlciIsImp0aSI6IndpdC0xNzg5NDA1MTM1OTUxNTEzODY2Iiwic3Vi\
Ijoid2ltc2U6Ly9leGFtcGxlLmNvbS9zdmNCIn0.T9hsSJX6aaMAbF5lnB47vHXj4k_c\
gOVRQtENfrdj0_Ut9vv5eEnGXcR_vqyfcm8mi-tQyg57sEvfFuoseRoCBA

{"flavor":"vanilla","amount":1}