=============== NOTE: '\' line wrapping per RFC 8792 ================

HTTP/1.1 404 Not Found
Connection: close
Content-Digest: sha-256=:UHKweBl9cpjdVqgTB65El8SexXlJYGG+XIslAYqC1mY\
=:
Content-Type: text/plain
Signature: wimse=:ZIY1RzouX+83r+DwR7HCfFgTgH6j0hm8Ewlxg3rH/wcrQUr6Ek\
vb1C5uvMOEapxTk15VgcjXTiaWy6OIXWd/Dw==:
Signature-Input: wimse=("@status" "workload-identity-token" "content\
-type" "content-digest" "@method";req "@request-target";req);created\
=1784377485;expires=1784377787;nonce="abcd2222";tag="wimse-workload-\
to-workload";wimse-req-nonce="abcd1111"
Workload-Identity-Token: eyJhbGciOiJFZERTQSIsImtpZCI6Imlzc3Vlci1rZXk\
iLCJ0eXAiOiJ3aXQrand0In0.eyJjbmYiOnsiandrIjp7ImFsZyI6IkVkRFNBIiwiY3J\
2IjoiRWQyNTUxOSIsImtpZCI6InN2Yy1iLWtleSIsImt0eSI6Ik9LUCIsIngiOiJWNVl\
jcDZtMUVqbVJVQXpkYXFUd09rbXl2NzFfeUk1UU1scEpadDVaZ29nIn19LCJleHAiOjE\
3ODQzNzc3ODcsImlhdCI6MTc4NDM3NzQ4NywiaXNzIjoiaHR0cHM6Ly9leGFtcGxlLmN\
vbS9pc3N1ZXIiLCJqdGkiOiJ3aXQtMTc4NDM3NzQ4NTc1MzU0NjEwNCIsInN1YiI6Ind\
pbXNlOi8vZXhhbXBsZS5jb20vc3ZjQiJ9.OxWtp89SLrSM1mEP5p1WQ7sWFUh9zSbxNu\
Mgt3QearHFq-uUE7pr6tAxXYpaSUjTPKUDBzHPqySUbTfmTI7SDw

No ice cream today.

